
> app@0.1.0 build
> next build

node.exe :  ΓÜá Warning: 
Next.js inferred your 
workspace root, but it may 
not be correct.
At line:1 char:1
+ & "C:\Program 
Files\nodejs/node.exe" 
"C:\Program 
Files\nodejs/node_mo ...
+ ~~~~~~~~~~~~~~~~~~~~~~~~~~
~~~~~~~~~~~~~~~~~~~~~~~~~~~~
~~~~~~~~~~~~~~~
    + CategoryInfo          
    : NotSpecified: ( ΓÜá   
  Warning: N...not be cor   
 rect.:String) [], Remot    
eException
    + FullyQualifiedErrorId 
    : NativeCommandError
 
 We detected multiple 
lockfiles and selected the 
directory of C:\Users\MSI\Do
cuments\works\AImefi\package
-lock.json as the root 
directory.
 To silence this warning, 
set `turbopack.root` in 
your Next.js config, or 
consider removing one of 
the lockfiles if it's not 
needed.
   See https://nextjs.org/do
cs/app/api-reference/config/
next-config-js/turbopack#roo
t-directory for more 
information.
 Detected additional 
lockfiles: 
   * C:\Users\MSI\Documents\
works\AImefi\app\package-loc
k.json

   Γû▓ Next.js 16.0.7 (Turbopack)

   Creating an optimized production build ...
 Γ£ô Compiled successfully in 4.2s
   Running TypeScript ...
   Collecting page data using 7 workers ...
[Error [BetterAuthError]: 
You are using the default 
secret. Please set 
`BETTER_AUTH_SECRET` in 
your environment variables 
or pass `secret` in your 
auth config.] {
  cause: undefined
}
Error: Missing credentials. 
Please pass an `apiKey`, or 
set the `OPENAI_API_KEY` 
environment variable.
    at new sd (C:\Users\MSI\
Documents\works\AImefi\app\.
next\server\chunks\app_2fedd
39b._.js:8:46944)
    at <unknown> (C:\Users\M
SI\Documents\works\AImefi\ap
p\.next\server\chunks\app_2f
edd39b._.js:19:31304)
[Error [BetterAuthError]: 
You are using the default 
secret. Please set 
`BETTER_AUTH_SECRET` in 
your environment variables 
or pass `secret` in your 
auth config.] {
  cause: undefined
}

> Build error occurred
Error: Failed to collect 
page data for /api/mefi
    at ignore-listed frames 
{
  type: 'Error'
}
